[2026-01-28T17:02:55.935Z] [0.01s] [INFO] 🚀 INICIANDO CONSOLIDACIÓN PILOTO
[2026-01-28T17:02:55.937Z] [0.01s] [INFO] Modo: PILOTO
[2026-01-28T17:02:55.938Z] [0.01s] [INFO] Tamaño: 1000 registros
[2026-01-28T17:02:55.938Z] [0.01s] [INFO] MongoDB: ✅ Configurado
[2026-01-28T17:02:55.939Z] [0.01s] [INFO] Logs: ./logs/
[2026-01-28T17:02:55.939Z] [0.01s] [INFO] Checkpoints: ./checkpoints/

[2026-01-28T17:02:55.940Z] [0.01s] [INFO] 
════════════════════════════════════════════════════════════
[2026-01-28T17:02:55.940Z] [0.01s] [INFO] FASE 1: Importar archivos (1/6)
[2026-01-28T17:02:55.940Z] [0.01s] [INFO] ════════════════════════════════════════════════════════════

[2026-01-28T17:02:55.942Z] [0.01s] [WARN] ⏭️  Fase 1 ya completada
[2026-01-28T17:02:55.942Z] [0.01s] [INFO] Completada: 2026-01-28T16:56:23.108Z
[2026-01-28T17:02:55.942Z] [0.01s] [INFO] Tiempo: 3.964s

[2026-01-28T17:02:55.943Z] [0.01s] [INFO] 
════════════════════════════════════════════════════════════
[2026-01-28T17:02:55.943Z] [0.01s] [INFO] FASE 2: Crear cross-reference (2/6)
[2026-01-28T17:02:55.944Z] [0.01s] [INFO] ════════════════════════════════════════════════════════════

[2026-01-28T17:02:55.944Z] [0.01s] [WARN] ⏭️  Fase 2 ya completada
[2026-01-28T17:02:55.944Z] [0.01s] [INFO] Completada: 2026-01-28T16:56:27.107Z
[2026-01-28T17:02:55.944Z] [0.01s] [INFO] Tiempo: 7.963s

[2026-01-28T17:02:55.945Z] [0.01s] [INFO] 
════════════════════════════════════════════════════════════
[2026-01-28T17:02:55.945Z] [0.01s] [INFO] FASE 3: Inicializar agentes (3/6)
[2026-01-28T17:02:55.945Z] [0.01s] [INFO] ════════════════════════════════════════════════════════════

[2026-01-28T17:02:55.946Z] [0.01s] [WARN] ⏭️  Fase 3 ya completada
[2026-01-28T17:02:55.946Z] [0.01s] [INFO] Completada: 2026-01-28T16:56:27.710Z
[2026-01-28T17:02:55.946Z] [0.01s] [INFO] Tiempo: 8.566s

[2026-01-28T17:02:55.946Z] [0.01s] [INFO] 
════════════════════════════════════════════════════════════
[2026-01-28T17:02:55.947Z] [0.02s] [INFO] FASE 4: Consolidar filtros (4/6)
[2026-01-28T17:02:55.947Z] [0.02s] [INFO] ════════════════════════════════════════════════════════════

[2026-01-28T17:02:56.170Z] [0.24s] [INFO] ═══════════════════════════════════════════
[2026-01-28T17:02:56.171Z] [0.24s] [INFO] FASE 4: CONSOLIDAR FILTROS
[2026-01-28T17:02:56.171Z] [0.24s] [INFO] ═══════════════════════════════════════════

[2026-01-28T17:02:57.150Z] [1.22s] [INFO] Total códigos en cross-reference: 2000
[2026-01-28T17:02:57.151Z] [1.22s] [INFO] Procesando en modo piloto: 1000 registros

[2026-01-28T17:03:02.652Z] [6.72s] [INFO] [100/1000] 50099 → CACHED
[2026-01-28T17:03:07.903Z] [11.97s] [INFO] [200/1000] 50199 → CACHED
[2026-01-28T17:03:13.210Z] [17.28s] [INFO] [300/1000] 50299 → CACHED
[2026-01-28T17:03:18.599Z] [22.67s] [INFO] [400/1000] 50399 → CACHED
[2026-01-28T17:03:23.934Z] [28.00s] [INFO] [500/1000] 50499 → CACHED
[2026-01-28T17:03:29.327Z] [33.40s] [INFO] [600/1000] 50599 → CACHED
[2026-01-28T17:03:34.698Z] [38.77s] [INFO] [700/1000] 50699 → CACHED
[2026-01-28T17:03:40.889Z] [44.96s] [INFO] [800/1000] 50799 → CACHED
[2026-01-28T17:03:46.251Z] [50.32s] [INFO] [900/1000] 50899 → CACHED
[2026-01-28T17:03:51.600Z] [55.67s] [INFO] [1000/1000] 50999 → CACHED
[2026-01-28T17:03:51.602Z] [55.67s] [INFO] 
───────────────────────────────────────────
[2026-01-28T17:03:51.603Z] [55.67s] [INFO] ✅ FASE 4 COMPLETADA
[2026-01-28T17:03:51.604Z] [55.67s] [INFO] Procesados: 0
[2026-01-28T17:03:51.604Z] [55.67s] [INFO] Creados: 0
[2026-01-28T17:03:51.605Z] [55.67s] [INFO] Cacheados: 1000
[2026-01-28T17:03:51.605Z] [55.67s] [INFO] Errores: 0
[2026-01-28T17:03:51.622Z] [55.69s] [SUCCESS] 💾 Checkpoint guardado: phase4
[2026-01-28T17:03:51.623Z] [55.69s] [INFO] 
════════════════════════════════════════════════════════════
[2026-01-28T17:03:51.623Z] [55.69s] [INFO] FASE 5: Generar kits (5/6)
[2026-01-28T17:03:51.623Z] [55.69s] [INFO] ════════════════════════════════════════════════════════════

[2026-01-28T17:03:51.627Z] [55.70s] [INFO] ═══════════════════════════════════════════
[2026-01-28T17:03:51.627Z] [55.70s] [INFO] FASE 5: GENERAR KITS AUTOMÁTICAMENTE
[2026-01-28T17:03:51.627Z] [55.70s] [INFO] ═══════════════════════════════════════════

[2026-01-28T17:03:54.322Z] [58.39s] [INFO] Kits anteriores eliminados

[2026-01-28T17:03:54.378Z] [58.45s] [INFO] Equipos únicos encontrados: 2

[2026-01-28T17:03:55.030Z] [59.10s] [INFO] 
───────────────────────────────────────────
[2026-01-28T17:03:55.030Z] [59.10s] [SUCCESS] ✅ FASE 5 COMPLETADA
[2026-01-28T17:03:55.031Z] [59.10s] [INFO] Kits creados: 0
[2026-01-28T17:03:55.032Z] [59.10s] [INFO] Kits omitidos: 2
[2026-01-28T17:03:55.032Z] [59.10s] [INFO] Filtros actualizados: 0
[2026-01-28T17:03:55.034Z] [59.10s] [SUCCESS] 💾 Checkpoint guardado: phase5
[2026-01-28T17:03:55.035Z] [59.10s] [INFO] 
════════════════════════════════════════════════════════════
[2026-01-28T17:03:55.035Z] [59.10s] [INFO] FASE 6: Generar reporte (6/6)
[2026-01-28T17:03:55.036Z] [59.10s] [INFO] ════════════════════════════════════════════════════════════

[2026-01-28T17:03:55.038Z] [59.11s] [INFO] ═══════════════════════════════════════════
[2026-01-28T17:03:55.039Z] [59.11s] [INFO] FASE 6: GENERAR REPORTE FINAL
[2026-01-28T17:03:55.039Z] [59.11s] [INFO] ═══════════════════════════════════════════

[2026-01-28T17:03:56.125Z] [60.19s] [INFO] 
╔════════════════════════════════════════════════════════════╗
[2026-01-28T17:03:56.126Z] [60.20s] [INFO] ║           REPORTE FINAL - CONSOLIDACIÓN PILOTO            ║
[2026-01-28T17:03:56.126Z] [60.20s] [INFO] ╚════════════════════════════════════════════════════════════╝

[2026-01-28T17:03:56.127Z] [60.20s] [SUCCESS] 📊 FILTROS CREADOS: 1000
[2026-01-28T17:03:56.128Z] [60.20s] [INFO] 
Por Duty:
[2026-01-28T17:03:56.128Z] [60.20s] [INFO]   HD: 1000
[2026-01-28T17:03:56.129Z] [60.20s] [INFO] 
Por Tipo:
[2026-01-28T17:03:56.129Z] [60.20s] [INFO]   Lube: 1000
[2026-01-28T17:03:56.130Z] [60.20s] [INFO] 
Por Prefijo:
[2026-01-28T17:03:56.130Z] [60.20s] [INFO]   EL8: 1000
[2026-01-28T17:03:56.131Z] [60.20s] [SUCCESS] 
🎁 KITS CREADOS: 0
[2026-01-28T17:03:56.131Z] [60.20s] [INFO] 
Por Serie:
[2026-01-28T17:03:56.131Z] [60.20s] [INFO] 
Por Industria:
[2026-01-28T17:03:56.132Z] [60.20s] [INFO] 
───────────────────────────────────────────
[2026-01-28T17:03:56.132Z] [60.20s] [SUCCESS] ✅ Reporte guardado: logs\final-report.json
[2026-01-28T17:03:56.134Z] [60.20s] [SUCCESS] 💾 Checkpoint guardado: phase6
[2026-01-28T17:03:56.134Z] [60.20s] [INFO] 
════════════════════════════════════════════════════════════
[2026-01-28T17:03:56.135Z] [60.20s] [SUCCESS] 🎉 CONSOLIDACIÓN PILOTO COMPLETADA
[2026-01-28T17:03:56.135Z] [60.20s] [INFO] ════════════════════════════════════════════════════════════

[2026-01-28T17:03:56.136Z] [60.20s] [INFO] ✅ Fases completadas: 6/6
[2026-01-28T17:03:56.136Z] [60.20s] [INFO] ⏱️  Tiempo total: 1.00 minutos
[2026-01-28T17:03:56.136Z] [60.20s] [INFO] 📊 Reporte final: logs/final-report.json
[2026-01-28T17:03:56.137Z] [60.21s] [INFO] 📝 Log completo: logs/master.log

[2026-01-28T17:03:56.137Z] [60.21s] [INFO] Próximos pasos:
[2026-01-28T17:03:56.138Z] [60.21s] [INFO] 1. Revisar reporte en logs/final-report.json
[2026-01-28T17:03:56.138Z] [60.21s] [INFO] 2. Validar datos en MongoDB
[2026-01-28T17:03:56.138Z] [60.21s] [INFO] 3. Si todo está correcto, escalar a producción

